#
# There is insufficient memory for the Java Runtime Environment to continue.
# Native memory allocation (mmap) failed to map 228589568 bytes for G1 virtual space
# Possible reasons:
#   The system is out of physical RAM or swap space
#   The process is running with CompressedOops enabled, and the Java Heap may be blocking the growth of the native heap
# Possible solutions:
#   Reduce memory load on the system
#   Increase physical memory or swap space
#   Check if swap backing store is full
#   Decrease Java heap size (-Xmx/-Xms)
#   Decrease number of Java threads
#   Decrease Java thread stack sizes (-Xss)
#   Set larger code cache with -XX:ReservedCodeCacheSize=
#   JVM is running with Unscaled Compressed Oops mode in which the Java heap is
#     placed in the first 4GB address space. The Java Heap base address is the
#     maximum limit for the native heap growth. Please use -XX:HeapBaseMinAddress
#     to set the Java Heap base and to place the Java Heap above 4GB virtual address.
# This output file may be truncated or incomplete.
#
#  Out of Memory Error (os_windows.cpp:3548), pid=12596, tid=17120
#
# JRE version: Java(TM) SE Runtime Environment (17.0.12+8) (build 17.0.12+8-LTS-286)
# Java VM: Java HotSpot(TM) 64-Bit Server VM (17.0.12+8-LTS-286, mixed mode, emulated-client, sharing, tiered, compressed oops, compressed class ptrs, g1 gc, windows-amd64)
# No core dump will be written. Minidumps are not enabled by default on client versions of Windows
#

---------------  S U M M A R Y ------------

Command Line: -XX:TieredStopAtLevel=1 -Dspring.output.ansi.enabled=always -javaagent:C:\Program Files\JetBrains\IntelliJ IDEA 2025.3.1\lib\idea_rt.jar=60356 -Dfile.encoding=UTF-8 com.configserverllp.csllp_learning_platform.feedback_service.FeedbackServiceApplication

Host: AMD Ryzen 5 5500U with Radeon Graphics         , 12 cores, 7G,  Windows 11 , 64 bit Build 26100 (10.0.26100.8521)
Time: Tue Jun 23 15:29:34 2026 India Standard Time elapsed time: 12.516251 seconds (0d 0h 0m 12s)

---------------  T H R E A D  ---------------

Current thread (0x000001e6e154dba0):  VMThread "VM Thread" [stack: 0x0000002a06a00000,0x0000002a06b00000] [id=17120]

Stack: [0x0000002a06a00000,0x0000002a06b00000]
Native frames: (J=compiled Java code, j=interpreted, Vv=VM code, C=native code)
V  [jvm.dll+0x67a04a]
V  [jvm.dll+0x7da4ed]
V  [jvm.dll+0x7dbe33]
V  [jvm.dll+0x7dc4a3]
V  [jvm.dll+0x24508f]
V  [jvm.dll+0x677089]
V  [jvm.dll+0x66bd32]
V  [jvm.dll+0x301fa6]
V  [jvm.dll+0x309546]
V  [jvm.dll+0x359d2e]
V  [jvm.dll+0x359f5f]
V  [jvm.dll+0x2d9078]
V  [jvm.dll+0x2d74ad]
V  [jvm.dll+0x2d6afc]
V  [jvm.dll+0x31a65b]
V  [jvm.dll+0x7e0d9b]
V  [jvm.dll+0x7e1ad4]
V  [jvm.dll+0x7e1fed]
V  [jvm.dll+0x7e23c4]
V  [jvm.dll+0x7e2490]
V  [jvm.dll+0x78abea]
V  [jvm.dll+0x678f35]
C  [ucrtbase.dll+0x2cd30]
C  [KERNEL32.DLL+0x2e957]
C  [ntdll.dll+0x87c1c]

VM_Operation (0x0000002a07ef6da0): G1CollectForAllocation, mode: safepoint, requested by thread 0x000001e6e6620320


---------------  P R O C E S S  ---------------

Threads class SMR info:
_java_thread_list=0x000001e6e76d3900, length=23, elements={
0x000001e6cd9d5130, 0x000001e6e1553cf0, 0x000001e6e1554e50, 0x000001e6e1567ab0,
0x000001e6e1568c80, 0x000001e6e1569de0, 0x000001e6e156bf50, 0x000001e6e156fec0,
0x000001e6e1571800, 0x000001e6e153d550, 0x000001e6e17786c0, 0x000001e6e177ed70,
0x000001e6e6172c70, 0x000001e6e6173d20, 0x000001e6e661fe40, 0x000001e6e6620320,
0x000001e6e721f010, 0x000001e6e642e590, 0x000001e6e642f4c0, 0x000001e6e642f9d0,
0x000001e6e642e080, 0x000001e6e642efb0, 0x000001e6e7ab9990
}

Java Threads: ( => current thread )
  0x000001e6cd9d5130 JavaThread "main" [_thread_blocked, id=4648, stack(0x0000002a06400000,0x0000002a06500000)]
  0x000001e6e1553cf0 JavaThread "Reference Handler" daemon [_thread_blocked, id=24488, stack(0x0000002a06b00000,0x0000002a06c00000)]
  0x000001e6e1554e50 JavaThread "Finalizer" daemon [_thread_blocked, id=35132, stack(0x0000002a06c00000,0x0000002a06d00000)]
  0x000001e6e1567ab0 JavaThread "Signal Dispatcher" daemon [_thread_blocked, id=36408, stack(0x0000002a06d00000,0x0000002a06e00000)]
  0x000001e6e1568c80 JavaThread "Attach Listener" daemon [_thread_blocked, id=22352, stack(0x0000002a06e00000,0x0000002a06f00000)]
  0x000001e6e1569de0 JavaThread "Service Thread" daemon [_thread_blocked, id=35012, stack(0x0000002a06f00000,0x0000002a07000000)]
  0x000001e6e156bf50 JavaThread "Monitor Deflation Thread" daemon [_thread_blocked, id=14832, stack(0x0000002a07000000,0x0000002a07100000)]
  0x000001e6e156fec0 JavaThread "C1 CompilerThread0" daemon [_thread_blocked, id=16444, stack(0x0000002a07100000,0x0000002a07200000)]
  0x000001e6e1571800 JavaThread "Sweeper thread" daemon [_thread_blocked, id=23428, stack(0x0000002a07200000,0x0000002a07300000)]
  0x000001e6e153d550 JavaThread "Common-Cleaner" daemon [_thread_blocked, id=10552, stack(0x0000002a07300000,0x0000002a07400000)]
  0x000001e6e17786c0 JavaThread "C1 CompilerThread1" daemon [_thread_blocked, id=23032, stack(0x0000002a07400000,0x0000002a07500000)]
  0x000001e6e177ed70 JavaThread "C1 CompilerThread2" daemon [_thread_blocked, id=1776, stack(0x0000002a07500000,0x0000002a07600000)]
  0x000001e6e6172c70 JavaThread "Monitor Ctrl-Break" daemon [_thread_in_native, id=32104, stack(0x0000002a07600000,0x0000002a07700000)]
  0x000001e6e6173d20 JavaThread "Notification Thread" daemon [_thread_blocked, id=29608, stack(0x0000002a07700000,0x0000002a07800000)]
  0x000001e6e661fe40 JavaThread "Thread-0" [_thread_blocked, id=36848, stack(0x0000002a07d00000,0x0000002a07e00000)]
  0x000001e6e6620320 JavaThread "restartedMain" [_thread_blocked, id=29020, stack(0x0000002a07e00000,0x0000002a07f00000)]
  0x000001e6e721f010 JavaThread "C1 CompilerThread3" daemon [_thread_blocked, id=17300, stack(0x0000002a08700000,0x0000002a08800000)]
  0x000001e6e642e590 JavaThread "Catalina-utility-1" [_thread_blocked, id=27920, stack(0x0000002a08800000,0x0000002a08900000)]
  0x000001e6e642f4c0 JavaThread "Catalina-utility-2" [_thread_blocked, id=27440, stack(0x0000002a08900000,0x0000002a08a00000)]
  0x000001e6e642f9d0 JavaThread "container-0" [_thread_blocked, id=31312, stack(0x0000002a08a00000,0x0000002a08b00000)]
  0x000001e6e642e080 JavaThread "mysql-cj-abandoned-connection-cleanup" daemon [_thread_blocked, id=35976, stack(0x0000002a08b00000,0x0000002a08c00000)]
  0x000001e6e642efb0 JavaThread "HikariPool-1:housekeeper" daemon [_thread_blocked, id=29832, stack(0x0000002a08d00000,0x0000002a08e00000)]
  0x000001e6e7ab9990 JavaThread "HikariPool-1:connection-adder" daemon [_thread_blocked, id=35620, stack(0x0000002a08e00000,0x0000002a08f00000)]

Other Threads:
=>0x000001e6e154dba0 VMThread "VM Thread" [stack: 0x0000002a06a00000,0x0000002a06b00000] [id=17120]
  0x000001e6cda4a940 WatcherThread [stack: 0x0000002a07800000,0x0000002a07900000] [id=3016]
  0x000001e6cda2ac30 GCTaskThread "GC Thread#0" [stack: 0x0000002a06500000,0x0000002a06600000] [id=420]
  0x000001e6e65639d0 GCTaskThread "GC Thread#1" [stack: 0x0000002a07900000,0x0000002a07a00000] [id=29352]
  0x000001e6e64c9810 GCTaskThread "GC Thread#2" [stack: 0x0000002a07a00000,0x0000002a07b00000] [id=17352]
  0x000001e6e656e880 GCTaskThread "GC Thread#3" [stack: 0x0000002a07b00000,0x0000002a07c00000] [id=15928]
  0x000001e6e663bdd0 GCTaskThread "GC Thread#4" [stack: 0x0000002a07f00000,0x0000002a08000000] [id=21616]
  0x000001e6e663c090 GCTaskThread "GC Thread#5" [stack: 0x0000002a08000000,0x0000002a08100000] [id=28652]
  0x000001e6e66d6370 GCTaskThread "GC Thread#6" [stack: 0x0000002a08100000,0x0000002a08200000] [id=33460]
  0x000001e6e6839f00 GCTaskThread "GC Thread#7" [stack: 0x0000002a08300000,0x0000002a08400000] [id=12176]
  0x000001e6e6ab7d40 GCTaskThread "GC Thread#8" [stack: 0x0000002a08400000,0x0000002a08500000] [id=30588]
  0x000001e6e6ab8410 GCTaskThread "GC Thread#9" [stack: 0x0000002a08500000,0x0000002a08600000] [id=15336]
  0x000001e6cda36a70 ConcurrentGCThread "G1 Main Marker" [stack: 0x0000002a06600000,0x0000002a06700000] [id=20612]
  0x000001e6cda395e0 ConcurrentGCThread "G1 Conc#0" [stack: 0x0000002a06700000,0x0000002a06800000] [id=7772]
  0x000001e6e6feefc0 ConcurrentGCThread "G1 Conc#1" [stack: 0x0000002a08200000,0x0000002a08300000] [id=33540]
  0x000001e6e7007b70 ConcurrentGCThread "G1 Conc#2" [stack: 0x0000002a08600000,0x0000002a08700000] [id=22760]
  0x000001e6cda8e3a0 ConcurrentGCThread "G1 Refine#0" [stack: 0x0000002a06800000,0x0000002a06900000] [id=36612]
  0x000001e6e64f5000 ConcurrentGCThread "G1 Refine#1" [stack: 0x0000002a07c00000,0x0000002a07d00000] [id=16128]
  0x000001e6cda8eb70 ConcurrentGCThread "G1 Service" [stack: 0x0000002a06900000,0x0000002a06a00000] [id=15748]

Threads with active compile tasks:

VM state: at safepoint (normal execution)

VM Mutex/Monitor currently owned by a thread:  ([mutex/lock_event])
[0x000001e6cd9d1ce0] Threads_lock - owner thread: 0x000001e6e154dba0
[0x000001e6cd9d21f0] Heap_lock - owner thread: 0x000001e6e6620320

Heap address: 0x000000008ac00000, size: 1876 MB, Compressed Oops mode: 32-bit

CDS archive(s) mapped at: [0x000001e680000000-0x000001e680bd0000-0x000001e680bd0000), size 12386304, SharedBaseAddress: 0x000001e680000000, ArchiveRelocationMode: 1.
Compressed class space mapped at: 0x000001e681000000-0x000001e6c1000000, reserved size: 1073741824
Narrow klass base: 0x000001e680000000, Narrow klass shift: 0, Narrow klass range: 0x100000000

GC Precious Log:
 CPUs: 12 total, 12 available
 Memory: 7501M
 Large Page Support: Disabled
 NUMA Support: Disabled
 Compressed Oops: Enabled (32-bit)
 Heap Region Size: 1M
 Heap Min Capacity: 8M
 Heap Initial Capacity: 118M
 Heap Max Capacity: 1876M
 Pre-touch: Disabled
 Parallel Workers: 10
 Concurrent Workers: 3
 Concurrent Refinement Workers: 10
 Periodic GC: Disabled

Heap:
 garbage-first heap   total 120832K, used 61006K [0x000000008ac00000, 0x0000000100000000)
  region size 1024K, 1 young (1024K), 1 survivors (1024K)
 Metaspace       used 64928K, committed 65408K, reserved 1114112K
  class space    used 9682K, committed 9920K, reserved 1048576K

Heap Regions: E=young(eden), S=young(survivor), O=old, HS=humongous(starts), HC=humongous(continues), CS=collection set, F=free, OA=open archive, CA=closed archive, TAMS=top-at-mark-start (previous, next)
|   0|0x000000008ac00000, 0x000000008ad00000, 0x000000008ad00000|100%|HS|  |TAMS 0x000000008ad00000, 0x000000008ac00000| Complete 
|   1|0x000000008ad00000, 0x000000008ae00000, 0x000000008ae00000|100%|HS|  |TAMS 0x000000008ae00000, 0x000000008ad00000| Complete 
|   2|0x000000008ae00000, 0x000000008af00000, 0x000000008af00000|100%|HS|  |TAMS 0x000000008af00000, 0x000000008ae00000| Complete 
|   3|0x000000008af00000, 0x000000008b000000, 0x000000008b000000|100%| O|  |TAMS 0x000000008b000000, 0x000000008af00000| Untracked 
|   4|0x000000008b000000, 0x000000008b100000, 0x000000008b100000|100%| O|  |TAMS 0x000000008b100000, 0x000000008b000000| Untracked 
|   5|0x000000008b100000, 0x000000008b200000, 0x000000008b200000|100%| O|  |TAMS 0x000000008b200000, 0x000000008b100000| Untracked 
|   6|0x000000008b200000, 0x000000008b300000, 0x000000008b300000|100%| O|  |TAMS 0x000000008b300000, 0x000000008b200000| Untracked 
|   7|0x000000008b300000, 0x000000008b400000, 0x000000008b400000|100%| O|  |TAMS 0x000000008b400000, 0x000000008b300000| Untracked 
|   8|0x000000008b400000, 0x000000008b500000, 0x000000008b500000|100%| O|  |TAMS 0x000000008b500000, 0x000000008b400000| Untracked 
|   9|0x000000008b500000, 0x000000008b600000, 0x000000008b600000|100%| O|  |TAMS 0x000000008b600000, 0x000000008b500000| Untracked 
|  10|0x000000008b600000, 0x000000008b700000, 0x000000008b700000|100%| O|  |TAMS 0x000000008b700000, 0x000000008b600000| Untracked 
|  11|0x000000008b700000, 0x000000008b800000, 0x000000008b800000|100%| O|  |TAMS 0x000000008b800000, 0x000000008b700000| Untracked 
|  12|0x000000008b800000, 0x000000008b900000, 0x000000008b900000|100%| O|  |TAMS 0x000000008b800000, 0x000000008b800000| Untracked 
|  13|0x000000008b900000, 0x000000008ba00000, 0x000000008ba00000|100%| O|  |TAMS 0x000000008ba00000, 0x000000008b900000| Untracked 
|  14|0x000000008ba00000, 0x000000008bb00000, 0x000000008bb00000|100%| O|  |TAMS 0x000000008bb00000, 0x000000008ba00000| Untracked 
|  15|0x000000008bb00000, 0x000000008bc00000, 0x000000008bc00000|100%| O|  |TAMS 0x000000008bc00000, 0x000000008bb00000| Untracked 
|  16|0x000000008bc00000, 0x000000008bd00000, 0x000000008bd00000|100%| O|  |TAMS 0x000000008bd00000, 0x000000008bc00000| Untracked 
|  17|0x000000008bd00000, 0x000000008bdfea00, 0x000000008be00000| 99%| O|  |TAMS 0x000000008bdfea00, 0x000000008bd00000| Untracked 
|  18|0x000000008be00000, 0x000000008bf00000, 0x000000008bf00000|100%| O|  |TAMS 0x000000008bf00000, 0x000000008be00000| Untracked 
|  19|0x000000008bf00000, 0x000000008c000000, 0x000000008c000000|100%| O|  |TAMS 0x000000008c000000, 0x000000008bf00000| Untracked 
|  20|0x000000008c000000, 0x000000008c100000, 0x000000008c100000|100%| O|  |TAMS 0x000000008c100000, 0x000000008c000000| Untracked 
|  21|0x000000008c100000, 0x000000008c200000, 0x000000008c200000|100%| O|  |TAMS 0x000000008c200000, 0x000000008c100000| Untracked 
|  22|0x000000008c200000, 0x000000008c300000, 0x000000008c300000|100%| O|  |TAMS 0x000000008c300000, 0x000000008c200000| Untracked 
|  23|0x000000008c300000, 0x000000008c400000, 0x000000008c400000|100%| O|  |TAMS 0x000000008c400000, 0x000000008c300000| Untracked 
|  24|0x000000008c400000, 0x000000008c500000, 0x000000008c500000|100%| O|  |TAMS 0x000000008c500000, 0x000000008c400000| Untracked 
|  25|0x000000008c500000, 0x000000008c600000, 0x000000008c600000|100%| O|  |TAMS 0x000000008c600000, 0x000000008c500000| Untracked 
|  26|0x000000008c600000, 0x000000008c700000, 0x000000008c700000|100%| O|  |TAMS 0x000000008c700000, 0x000000008c600000| Untracked 
|  27|0x000000008c700000, 0x000000008c800000, 0x000000008c800000|100%| O|  |TAMS 0x000000008c800000, 0x000000008c700000| Untracked 
|  28|0x000000008c800000, 0x000000008c900000, 0x000000008c900000|100%| O|  |TAMS 0x000000008c900000, 0x000000008c800000| Untracked 
|  29|0x000000008c900000, 0x000000008ca00000, 0x000000008ca00000|100%| O|  |TAMS 0x000000008ca00000, 0x000000008c900000| Untracked 
|  30|0x000000008ca00000, 0x000000008cb00000, 0x000000008cb00000|100%| O|  |TAMS 0x000000008cb00000, 0x000000008ca00000| Untracked 
|  31|0x000000008cb00000, 0x000000008cc00000, 0x000000008cc00000|100%| O|  |TAMS 0x000000008cc00000, 0x000000008cb00000| Untracked 
|  32|0x000000008cc00000, 0x000000008cd00000, 0x000000008cd00000|100%| O|  |TAMS 0x000000008cd00000, 0x000000008cc00000| Untracked 
|  33|0x000000008cd00000, 0x000000008ce00000, 0x000000008ce00000|100%| O|  |TAMS 0x000000008ce00000, 0x000000008cd00000| Untracked 
|  34|0x000000008ce00000, 0x000000008cf00000, 0x000000008cf00000|100%| O|  |TAMS 0x000000008cf00000, 0x000000008ce00000| Untracked 
|  35|0x000000008cf00000, 0x000000008d000000, 0x000000008d000000|100%| O|  |TAMS 0x000000008d000000, 0x000000008cf00000| Untracked 
|  36|0x000000008d000000, 0x000000008d000000, 0x000000008d100000|  0%| F|  |TAMS 0x000000008d000000, 0x000000008d000000| Untracked 
|  37|0x000000008d100000, 0x000000008d200000, 0x000000008d200000|100%| O|  |TAMS 0x000000008d200000, 0x000000008d100000| Untracked 
|  38|0x000000008d200000, 0x000000008d300000, 0x000000008d300000|100%| O|  |TAMS 0x000000008d300000, 0x000000008d200000| Untracked 
|  39|0x000000008d300000, 0x000000008d400000, 0x000000008d400000|100%| O|  |TAMS 0x000000008d400000, 0x000000008d300000| Untracked 
|  40|0x000000008d400000, 0x000000008d500000, 0x000000008d500000|100%| O|  |TAMS 0x000000008d500000, 0x000000008d400000| Untracked 
|  41|0x000000008d500000, 0x000000008d600000, 0x000000008d600000|100%| O|  |TAMS 0x000000008d600000, 0x000000008d500000| Untracked 
|  42|0x000000008d600000, 0x000000008d700000, 0x000000008d700000|100%| O|  |TAMS 0x000000008d700000, 0x000000008d600000| Untracked 
|  43|0x000000008d700000, 0x000000008d800000, 0x000000008d800000|100%| O|  |TAMS 0x000000008d800000, 0x000000008d700000| Untracked 
|  44|0x000000008d800000, 0x000000008d900000, 0x000000008d900000|100%| O|  |TAMS 0x000000008d900000, 0x000000008d800000| Untracked 
|  45|0x000000008d900000, 0x000000008da00000, 0x000000008da00000|100%| O|  |TAMS 0x000000008da00000, 0x000000008d900000| Untracked 
|  46|0x000000008da00000, 0x000000008db00000, 0x000000008db00000|100%| O|  |TAMS 0x000000008db00000, 0x000000008da00000| Untracked 
|  47|0x000000008db00000, 0x000000008dc00000, 0x000000008dc00000|100%| O|  |TAMS 0x000000008dc00000, 0x000000008db00000| Untracked 
|  48|0x000000008dc00000, 0x000000008dd00000, 0x000000008dd00000|100%| O|  |TAMS 0x000000008dd00000, 0x000000008dc00000| Untracked 
|  49|0x000000008dd00000, 0x000000008de00000, 0x000000008de00000|100%| O|  |TAMS 0x000000008de00000, 0x000000008dd00000| Untracked 
|  50|0x000000008de00000, 0x000000008df00000, 0x000000008df00000|100%| O|  |TAMS 0x000000008df00000, 0x000000008de00000| Untracked 
|  51|0x000000008df00000, 0x000000008e000000, 0x000000008e000000|100%| O|  |TAMS 0x000000008e000000, 0x000000008df00000| Untracked 
|  52|0x000000008e000000, 0x000000008e100000, 0x000000008e100000|100%| O|  |TAMS 0x000000008e100000, 0x000000008e000000| Untracked 
|  53|0x000000008e100000, 0x000000008e200000, 0x000000008e200000|100%| O|  |TAMS 0x000000008e200000, 0x000000008e100000| Untracked 
|  54|0x000000008e200000, 0x000000008e300000, 0x000000008e300000|100%| O|  |TAMS 0x000000008e25d800, 0x000000008e200000| Untracked 
|  55|0x000000008e300000, 0x000000008e400000, 0x000000008e400000|100%| O|  |TAMS 0x000000008e300000, 0x000000008e300000| Untracked 
|  56|0x000000008e400000, 0x000000008e500000, 0x000000008e500000|100%| O|  |TAMS 0x000000008e400000, 0x000000008e400000| Untracked 
|  57|0x000000008e500000, 0x000000008e600000, 0x000000008e600000|100%| O|  |TAMS 0x000000008e500000, 0x000000008e500000| Untracked 
|  58|0x000000008e600000, 0x000000008e700000, 0x000000008e700000|100%| O|  |TAMS 0x000000008e600000, 0x000000008e600000| Untracked 
|  59|0x000000008e700000, 0x000000008e794e00, 0x000000008e800000| 58%| O|  |TAMS 0x000000008e700000, 0x000000008e700000| Untracked 
|  60|0x000000008e800000, 0x000000008e800000, 0x000000008e900000|  0%| F|  |TAMS 0x000000008e800000, 0x000000008e800000| Untracked 
|  61|0x000000008e900000, 0x000000008e900000, 0x000000008ea00000|  0%| F|  |TAMS 0x000000008e900000, 0x000000008e900000| Untracked 
|  62|0x000000008ea00000, 0x000000008ea00000, 0x000000008eb00000|  0%| F|  |TAMS 0x000000008ea00000, 0x000000008ea00000| Untracked 
|  63|0x000000008eb00000, 0x000000008eb00000, 0x000000008ec00000|  0%| F|  |TAMS 0x000000008eb00000, 0x000000008eb00000| Untracked 
|  64|0x000000008ec00000, 0x000000008ec00000, 0x000000008ed00000|  0%| F|  |TAMS 0x000000008ec00000, 0x000000008ec00000| Untracked 
|  65|0x000000008ed00000, 0x000000008ed00000, 0x000000008ee00000|  0%| F|  |TAMS 0x000000008ed00000, 0x000000008ed00000| Untracked 
|  66|0x000000008ee00000, 0x000000008ee00000, 0x000000008ef00000|  0%| F|  |TAMS 0x000000008ee00000, 0x000000008ee00000| Untracked 
|  67|0x000000008ef00000, 0x000000008ef00000, 0x000000008f000000|  0%| F|  |TAMS 0x000000008ef00000, 0x000000008ef00000| Untracked 
|  68|0x000000008f000000, 0x000000008f000000, 0x000000008f100000|  0%| F|  |TAMS 0x000000008f000000, 0x000000008f000000| Untracked 
|  69|0x000000008f100000, 0x000000008f100000, 0x000000008f200000|  0%| F|  |TAMS 0x000000008f100000, 0x000000008f100000| Untracked 
|  70|0x000000008f200000, 0x000000008f200000, 0x000000008f300000|  0%| F|  |TAMS 0x000000008f200000, 0x000000008f200000| Untracked 
|  71|0x000000008f300000, 0x000000008f300000, 0x000000008f400000|  0%| F|  |TAMS 0x000000008f300000, 0x000000008f300000| Untracked 
|  72|0x000000008f400000, 0x000000008f400000, 0x000000008f500000|  0%| F|  |TAMS 0x000000008f400000, 0x000000008f400000| Untracked 
|  73|0x000000008f500000, 0x000000008f500000, 0x000000008f600000|  0%| F|  |TAMS 0x000000008f500000, 0x000000008f500000| Untracked 
|  74|0x000000008f600000, 0x000000008f600000, 0x000000008f700000|  0%| F|  |TAMS 0x000000008f600000, 0x000000008f600000| Untracked 
|  75|0x000000008f700000, 0x000000008f700000, 0x000000008f800000|  0%| F|  |TAMS 0x000000008f700000, 0x000000008f700000| Untracked 
|  76|0x000000008f800000, 0x000000008f800000, 0x000000008f900000|  0%| F|  |TAMS 0x000000008f800000, 0x000000008f800000| Untracked 
|  77|0x000000008f900000, 0x000000008f900000, 0x000000008fa00000|  0%| F|  |TAMS 0x000000008f900000, 0x000000008f900000| Untracked 
|  78|0x000000008fa00000, 0x000000008fa00000, 0x000000008fb00000|  0%| F|  |TAMS 0x000000008fa00000, 0x000000008fa00000| Untracked 
|  79|0x000000008fb00000, 0x000000008fb00000, 0x000000008fc00000|  0%| F|  |TAMS 0x000000008fb00000, 0x000000008fb00000| Untracked 
|  80|0x000000008fc00000, 0x000000008fc00000, 0x000000008fd00000|  0%| F|  |TAMS 0x000000008fc00000, 0x000000008fc00000| Untracked 
|  81|0x000000008fd00000, 0x000000008fd00000, 0x000000008fe00000|  0%| F|  |TAMS 0x000000008fd00000, 0x000000008fd00000| Untracked 
|  82|0x000000008fe00000, 0x000000008fe00000, 0x000000008ff00000|  0%| F|  |TAMS 0x000000008fe00000, 0x000000008fe00000| Untracked 
|  83|0x000000008ff00000, 0x000000008ff00000, 0x0000000090000000|  0%| F|  |TAMS 0x000000008ff00000, 0x000000008ff00000| Untracked 
|  84|0x0000000090000000, 0x0000000090000000, 0x0000000090100000|  0%| F|  |TAMS 0x0000000090000000, 0x0000000090000000| Untracked 
|  85|0x0000000090100000, 0x0000000090100000, 0x0000000090200000|  0%| F|  |TAMS 0x0000000090100000, 0x0000000090100000| Untracked 
|  86|0x0000000090200000, 0x0000000090200000, 0x0000000090300000|  0%| F|  |TAMS 0x0000000090200000, 0x0000000090200000| Untracked 
|  87|0x0000000090300000, 0x0000000090300000, 0x0000000090400000|  0%| F|  |TAMS 0x0000000090300000, 0x0000000090300000| Untracked 
|  88|0x0000000090400000, 0x0000000090400000, 0x0000000090500000|  0%| F|  |TAMS 0x0000000090400000, 0x0000000090400000| Untracked 
|  89|0x0000000090500000, 0x0000000090500000, 0x0000000090600000|  0%| F|  |TAMS 0x0000000090500000, 0x0000000090500000| Untracked 
|  90|0x0000000090600000, 0x0000000090600000, 0x0000000090700000|  0%| F|  |TAMS 0x0000000090600000, 0x0000000090600000| Untracked 
|  91|0x0000000090700000, 0x0000000090700000, 0x0000000090800000|  0%| F|  |TAMS 0x0000000090700000, 0x0000000090700000| Untracked 
|  92|0x0000000090800000, 0x0000000090800000, 0x0000000090900000|  0%| F|  |TAMS 0x0000000090800000, 0x0000000090800000| Untracked 
|  93|0x0000000090900000, 0x0000000090900000, 0x0000000090a00000|  0%| F|  |TAMS 0x0000000090900000, 0x0000000090900000| Untracked 
|  94|0x0000000090a00000, 0x0000000090a00000, 0x0000000090b00000|  0%| F|  |TAMS 0x0000000090a00000, 0x0000000090a00000| Untracked 
|  95|0x0000000090b00000, 0x0000000090b00000, 0x0000000090c00000|  0%| F|  |TAMS 0x0000000090b00000, 0x0000000090b00000| Untracked 
|  96|0x0000000090c00000, 0x0000000090c00000, 0x0000000090d00000|  0%| F|  |TAMS 0x0000000090c00000, 0x0000000090c00000| Untracked 
|  97|0x0000000090d00000, 0x0000000090d00000, 0x0000000090e00000|  0%| F|  |TAMS 0x0000000090d00000, 0x0000000090d00000| Untracked 
|  98|0x0000000090e00000, 0x0000000090e00000, 0x0000000090f00000|  0%| F|  |TAMS 0x0000000090e00000, 0x0000000090e00000| Untracked 
|  99|0x0000000090f00000, 0x0000000090f00000, 0x0000000091000000|  0%| F|  |TAMS 0x0000000090f00000, 0x0000000090f00000| Untracked 
| 100|0x0000000091000000, 0x0000000091000000, 0x0000000091100000|  0%| F|  |TAMS 0x0000000091000000, 0x0000000091000000| Untracked 
| 101|0x0000000091100000, 0x0000000091100000, 0x0000000091200000|  0%| F|  |TAMS 0x0000000091100000, 0x0000000091100000| Untracked 
| 102|0x0000000091200000, 0x0000000091200000, 0x0000000091300000|  0%| F|  |TAMS 0x0000000091200000, 0x0000000091200000| Untracked 
| 103|0x0000000091300000, 0x0000000091300000, 0x0000000091400000|  0%| F|  |TAMS 0x0000000091300000, 0x0000000091300000| Untracked 
| 104|0x0000000091400000, 0x0000000091400000, 0x0000000091500000|  0%| F|  |TAMS 0x0000000091400000, 0x0000000091400000| Untracked 
| 105|0x0000000091500000, 0x0000000091500000, 0x0000000091600000|  0%| F|  |TAMS 0x0000000091500000, 0x0000000091500000| Untracked 
| 106|0x0000000091600000, 0x0000000091600000, 0x0000000091700000|  0%| F|  |TAMS 0x0000000091600000, 0x0000000091600000| Untracked 
| 107|0x0000000091700000, 0x0000000091700000, 0x0000000091800000|  0%| F|  |TAMS 0x0000000091700000, 0x0000000091700000| Untracked 
| 108|0x0000000091800000, 0x0000000091900000, 0x0000000091900000|100%| S|CS|TAMS 0x0000000091800000, 0x0000000091800000| Complete 
| 109|0x0000000091900000, 0x0000000091900000, 0x0000000091a00000|  0%| F|  |TAMS 0x0000000091900000, 0x0000000091900000| Untracked 
| 110|0x0000000091a00000, 0x0000000091a00000, 0x0000000091b00000|  0%| F|  |TAMS 0x0000000091a00000, 0x0000000091a00000| Untracked 
| 111|0x0000000091b00000, 0x0000000091b00000, 0x0000000091c00000|  0%| F|  |TAMS 0x0000000091b00000, 0x0000000091b00000| Untracked 
| 112|0x0000000091c00000, 0x0000000091c00000, 0x0000000091d00000|  0%| F|  |TAMS 0x0000000091c00000, 0x0000000091c00000| Untracked 
| 113|0x0000000091d00000, 0x0000000091d00000, 0x0000000091e00000|  0%| F|  |TAMS 0x0000000091d00000, 0x0000000091d00000| Untracked 
| 114|0x0000000091e00000, 0x0000000091e00000, 0x0000000091f00000|  0%| F|  |TAMS 0x0000000091e00000, 0x0000000091e00000| Untracked 
| 115|0x0000000091f00000, 0x0000000091f00000, 0x0000000092000000|  0%| F|  |TAMS 0x0000000091f00000, 0x0000000091f00000| Untracked 
| 116|0x0000000092000000, 0x0000000092000000, 0x0000000092100000|  0%| F|  |TAMS 0x0000000092000000, 0x0000000092000000| Untracked 
| 117|0x0000000092100000, 0x0000000092100000, 0x0000000092200000|  0%| F|  |TAMS 0x0000000092100000, 0x0000000092100000| Untracked 

Card table byte_map: [0x000001e6da6a0000,0x000001e6daa50000] _byte_map_base: 0x000001e6da24a000

Marking Bits (Prev, Next): (CMBitMap*) 0x000001e6cda2b290, (CMBitMap*) 0x000001e6cda2b250
 Prev Bits: [0x000001e6dcb50000, 0x000001e6de8a0000)
 Next Bits: [0x000001e6dae00000, 0x000001e6dcb50000)

Polling page: 0x000001e6cd6f0000

Metaspace:

Usage:
  Non-class:     53.95 MB used.
      Class:      9.46 MB used.
       Both:     63.41 MB used.

Virtual space:
  Non-class space:       64.00 MB reserved,      54.19 MB ( 85%) committed,  1 nodes.
      Class space:        1.00 GB reserved,       9.69 MB ( <1%) committed,  1 nodes.
             Both:        1.06 GB reserved,      63.88 MB (  6%) committed. 

Chunk freelists:
   Non-Class:  9.12 MB
       Class:  6.27 MB
        Both:  15.39 MB

MaxMetaspaceSize: unlimited
CompressedClassSpaceSize: 1.00 GB
Initial GC threshold: 21.00 MB
Current GC threshold: 103.75 MB
CDS: on
MetaspaceReclaimPolicy: balanced
 - commit_granule_bytes: 65536.
 - commit_granule_words: 8192.
 - virtual_space_node_default_size: 8388608.
 - enlarge_chunks_in_place: 1.
 - new_chunks_are_fully_committed: 0.
 - uncommit_free_chunks: 1.
 - use_allocation_guard: 0.
 - handle_deallocations: 1.


Internal statistics:

num_allocs_failed_limit: 9.
num_arena_births: 738.
num_arena_deaths: 0.
num_vsnodes_births: 2.
num_vsnodes_deaths: 0.
num_space_committed: 1022.
num_space_uncommitted: 0.
num_chunks_returned_to_freelist: 9.
num_chunks_taken_from_freelist: 3074.
num_chunk_merges: 9.
num_chunk_splits: 2254.
num_chunks_enlarged: 1761.
num_inconsistent_stats: 0.

CodeCache: size=49152Kb used=11503Kb max_used=11503Kb free=37648Kb
 bounds [0x000001e6d6850000, 0x000001e6d7390000, 0x000001e6d9850000]
 total_blobs=6126 nmethods=5462 adapters=588
 compilation: enabled
              stopped_count=0, restarted_count=0
 full_count=0

Compilation events (20 events):
Event: 11.117 Thread 0x000001e6e17786c0 nmethod 5453 0x000001e6d7388710 code [0x000001e6d73888a0, 0x000001e6d7388a78]
Event: 11.118 Thread 0x000001e6e17786c0 5455       1       org.antlr.v4.runtime.misc.Interval::equals (46 bytes)
Event: 11.118 Thread 0x000001e6e177ed70 nmethod 5450 0x000001e6d7388b10 code [0x000001e6d7388cc0, 0x000001e6d7388fd8]
Event: 11.118 Thread 0x000001e6e177ed70 5456       1       org.antlr.v4.runtime.misc.Interval::adjacent (32 bytes)
Event: 11.118 Thread 0x000001e6e177ed70 nmethod 5456 0x000001e6d7389110 code [0x000001e6d73892a0, 0x000001e6d7389398]
Event: 11.118 Thread 0x000001e6e721f010 nmethod 5454 0x000001e6d7389810 code [0x000001e6d73899a0, 0x000001e6d7389b18]
Event: 11.118 Thread 0x000001e6e17786c0 nmethod 5455 0x000001e6d7389410 code [0x000001e6d73895a0, 0x000001e6d7389758]
Event: 11.118 Thread 0x000001e6e177ed70 5457       1       org.antlr.v4.runtime.misc.Interval::disjoint (22 bytes)
Event: 11.118 Thread 0x000001e6e721f010 5458       1       org.antlr.v4.runtime.misc.Interval::startsAfterDisjoint (17 bytes)
Event: 11.118 Thread 0x000001e6e721f010 nmethod 5458 0x000001e6d7389c10 code [0x000001e6d7389da0, 0x000001e6d7389e78]
Event: 11.118 Thread 0x000001e6e177ed70 nmethod 5457 0x000001e6d7389f10 code [0x000001e6d738a0a0, 0x000001e6d738a1d8]
Event: 11.119 Thread 0x000001e6e156fec0 nmethod 5452 0x000001e6d738a290 code [0x000001e6d738a540, 0x000001e6d738acc8]
Event: 11.122 Thread 0x000001e6e156fec0 5459       1       org.antlr.v4.runtime.atn.LexerATNConfig::<init> (21 bytes)
Event: 11.122 Thread 0x000001e6e156fec0 nmethod 5459 0x000001e6d738b090 code [0x000001e6d738b220, 0x000001e6d738b438]
Event: 11.131 Thread 0x000001e6e156fec0 5460       1       org.antlr.v4.runtime.atn.ATNConfigSet::isEmpty (8 bytes)
Event: 11.131 Thread 0x000001e6e721f010 5461       1       org.antlr.v4.runtime.dfa.DFAState::<init> (31 bytes)
Event: 11.132 Thread 0x000001e6e156fec0 nmethod 5460 0x000001e6d738b490 code [0x000001e6d738b620, 0x000001e6d738b718]
Event: 11.132 Thread 0x000001e6e156fec0 5462       1       org.antlr.v4.runtime.atn.EmptyPredictionContext::size (2 bytes)
Event: 11.132 Thread 0x000001e6e156fec0 nmethod 5462 0x000001e6d738b810 code [0x000001e6d738b9a0, 0x000001e6d738ba78]
Event: 11.132 Thread 0x000001e6e721f010 nmethod 5461 0x000001e6d738bb10 code [0x000001e6d738bcc0, 0x000001e6d738bec8]

GC Heap History (20 events):
Event: 9.341 GC heap after
{Heap after GC invocations=12 (full 0):
 garbage-first heap   total 81920K, used 36914K [0x000000008ac00000, 0x0000000100000000)
  region size 1024K, 2 young (2048K), 2 survivors (2048K)
 Metaspace       used 49609K, committed 50112K, reserved 1114112K
  class space    used 7035K, committed 7232K, reserved 1048576K
}
Event: 9.948 GC heap before
{Heap before GC invocations=12 (full 0):
 garbage-first heap   total 81920K, used 62514K [0x000000008ac00000, 0x0000000100000000)
  region size 1024K, 28 young (28672K), 2 survivors (2048K)
 Metaspace       used 57144K, committed 57728K, reserved 1114112K
  class space    used 8262K, committed 8512K, reserved 1048576K
}
Event: 9.951 GC heap after
{Heap after GC invocations=13 (full 0):
 garbage-first heap   total 81920K, used 37549K [0x000000008ac00000, 0x0000000100000000)
  region size 1024K, 3 young (3072K), 3 survivors (3072K)
 Metaspace       used 57144K, committed 57728K, reserved 1114112K
  class space    used 8262K, committed 8512K, reserved 1048576K
}
Event: 10.355 GC heap before
{Heap before GC invocations=13 (full 0):
 garbage-first heap   total 81920K, used 51885K [0x000000008ac00000, 0x0000000100000000)
  region size 1024K, 19 young (19456K), 3 survivors (3072K)
 Metaspace       used 59620K, committed 60160K, reserved 1114112K
  class space    used 8619K, committed 8896K, reserved 1048576K
}
Event: 10.359 GC heap after
{Heap after GC invocations=14 (full 0):
 garbage-first heap   total 81920K, used 39117K [0x000000008ac00000, 0x0000000100000000)
  region size 1024K, 3 young (3072K), 3 survivors (3072K)
 Metaspace       used 59620K, committed 60160K, reserved 1114112K
  class space    used 8619K, committed 8896K, reserved 1048576K
}
Event: 10.792 GC heap before
{Heap before GC invocations=15 (full 0):
 garbage-first heap   total 81920K, used 64717K [0x000000008ac00000, 0x0000000100000000)
  region size 1024K, 29 young (29696K), 3 survivors (3072K)
 Metaspace       used 63216K, committed 63744K, reserved 1114112K
  class space    used 9303K, committed 9536K, reserved 1048576K
}
Event: 10.796 GC heap after
{Heap after GC invocations=16 (full 0):
 garbage-first heap   total 81920K, used 40823K [0x000000008ac00000, 0x0000000100000000)
  region size 1024K, 4 young (4096K), 4 survivors (4096K)
 Metaspace       used 63216K, committed 63744K, reserved 1114112K
  class space    used 9303K, committed 9536K, reserved 1048576K
}
Event: 10.798 GC heap before
{Heap before GC invocations=16 (full 0):
 garbage-first heap   total 81920K, used 41847K [0x000000008ac00000, 0x0000000100000000)
  region size 1024K, 5 young (5120K), 4 survivors (4096K)
 Metaspace       used 63216K, committed 63744K, reserved 1114112K
  class space    used 9303K, committed 9536K, reserved 1048576K
}
Event: 10.801 GC heap after
{Heap after GC invocations=17 (full 0):
 garbage-first heap   total 81920K, used 40477K [0x000000008ac00000, 0x0000000100000000)
  region size 1024K, 1 young (1024K), 1 survivors (1024K)
 Metaspace       used 63216K, committed 63744K, reserved 1114112K
  class space    used 9303K, committed 9536K, reserved 1048576K
}
Event: 10.863 GC heap before
{Heap before GC invocations=17 (full 0):
 garbage-first heap   total 81920K, used 65053K [0x000000008ac00000, 0x0000000100000000)
  region size 1024K, 25 young (25600K), 1 survivors (1024K)
 Metaspace       used 63216K, committed 63744K, reserved 1114112K
  class space    used 9303K, committed 9536K, reserved 1048576K
}
Event: 10.871 GC heap after
{Heap after GC invocations=18 (full 0):
 garbage-first heap   total 81920K, used 50333K [0x000000008ac00000, 0x0000000100000000)
  region size 1024K, 4 young (4096K), 4 survivors (4096K)
 Metaspace       used 63216K, committed 63744K, reserved 1114112K
  class space    used 9303K, committed 9536K, reserved 1048576K
}
Event: 10.918 GC heap before
{Heap before GC invocations=19 (full 0):
 garbage-first heap   total 97280K, used 63645K [0x000000008ac00000, 0x0000000100000000)
  region size 1024K, 17 young (17408K), 4 survivors (4096K)
 Metaspace       used 63217K, committed 63744K, reserved 1114112K
  class space    used 9303K, committed 9536K, reserved 1048576K
}
Event: 10.924 GC heap after
{Heap after GC invocations=20 (full 0):
 garbage-first heap   total 97280K, used 54624K [0x000000008ac00000, 0x0000000100000000)
  region size 1024K, 3 young (3072K), 3 survivors (3072K)
 Metaspace       used 63217K, committed 63744K, reserved 1114112K
  class space    used 9303K, committed 9536K, reserved 1048576K
}
Event: 10.927 GC heap before
{Heap before GC invocations=20 (full 0):
 garbage-first heap   total 97280K, used 55648K [0x000000008ac00000, 0x0000000100000000)
  region size 1024K, 4 young (4096K), 3 survivors (3072K)
 Metaspace       used 63217K, committed 63744K, reserved 1114112K
  class space    used 9303K, committed 9536K, reserved 1048576K
}
Event: 10.930 GC heap after
{Heap after GC invocations=21 (full 0):
 garbage-first heap   total 97280K, used 55437K [0x000000008ac00000, 0x0000000100000000)
  region size 1024K, 1 young (1024K), 1 survivors (1024K)
 Metaspace       used 63217K, committed 63744K, reserved 1114112K
  class space    used 9303K, committed 9536K, reserved 1048576K
}
Event: 10.975 GC heap before
{Heap before GC invocations=21 (full 0):
 garbage-first heap   total 97280K, used 73869K [0x000000008ac00000, 0x0000000100000000)
  region size 1024K, 19 young (19456K), 1 survivors (1024K)
 Metaspace       used 63217K, committed 63744K, reserved 1114112K
  class space    used 9303K, committed 9536K, reserved 1048576K
}
Event: 10.979 GC heap after
{Heap after GC invocations=22 (full 0):
 garbage-first heap   total 97280K, used 58251K [0x000000008ac00000, 0x0000000100000000)
  region size 1024K, 3 young (3072K), 3 survivors (3072K)
 Metaspace       used 63217K, committed 63744K, reserved 1114112K
  class space    used 9303K, committed 9536K, reserved 1048576K
}
Event: 11.124 GC heap before
{Heap before GC invocations=23 (full 0):
 garbage-first heap   total 114688K, used 74635K [0x000000008ac00000, 0x0000000100000000)
  region size 1024K, 20 young (20480K), 3 survivors (3072K)
 Metaspace       used 64927K, committed 65408K, reserved 1114112K
  class space    used 9682K, committed 9920K, reserved 1048576K
}
Event: 11.127 GC heap after
{Heap after GC invocations=24 (full 0):
 garbage-first heap   total 114688K, used 60166K [0x000000008ac00000, 0x0000000100000000)
  region size 1024K, 2 young (2048K), 2 survivors (2048K)
 Metaspace       used 64927K, committed 65408K, reserved 1114112K
  class space    used 9682K, committed 9920K, reserved 1048576K
}
Event: 11.135 GC heap before
{Heap before GC invocations=24 (full 0):
 garbage-first heap   total 114688K, used 63238K [0x000000008ac00000, 0x0000000100000000)
  region size 1024K, 5 young (5120K), 2 survivors (2048K)
 Metaspace       used 64928K, committed 65408K, reserved 1114112K
  class space    used 9682K, committed 9920K, reserved 1048576K
}

Deoptimization events (4 events):
Event: 7.024 Thread 0x000001e6e6620320 DEOPT PACKING pc=0x000001e6d6d07119 sp=0x0000002a07efdb50
Event: 7.024 Thread 0x000001e6e6620320 DEOPT UNPACKING pc=0x000001e6d68a2b43 sp=0x0000002a07efcff0 mode 3
Event: 7.024 Thread 0x000001e6e642e590 DEOPT PACKING pc=0x000001e6d6cfd697 sp=0x0000002a088fecf0
Event: 7.024 Thread 0x000001e6e642e590 DEOPT UNPACKING pc=0x000001e6d68a2b43 sp=0x0000002a088fe148 mode 3

Classes unloaded (0 events):
No events

Classes redefined (0 events):
No events

Internal exceptions (20 events):
Event: 9.833 Thread 0x000001e6e6620320 Exception <a 'java/lang/NoSuchMethodError'{0x000000008e8f5540}: 'void java.lang.invoke.DirectMethodHandle$Holder.invokeSpecial(java.lang.Object, java.lang.Object, int, java.lang.Object)'> (0x000000008e8f5540) 
thrown [s\open\src\hotspot\share\interpreter\linkResolver.cpp, line 759]
Event: 9.833 Thread 0x000001e6e6620320 Exception <a 'java/lang/NoSuchMethodError'{0x000000008e8fc448}: 'java.lang.Object java.lang.invoke.DirectMethodHandle$Holder.newInvokeSpecial(java.lang.Object, java.lang.Object, int)'> (0x000000008e8fc448) 
thrown [s\open\src\hotspot\share\interpreter\linkResolver.cpp, line 759]
Event: 9.860 Thread 0x000001e6e6620320 Exception <a 'java/lang/NoSuchMethodError'{0x000000008e675858}: 'int java.lang.invoke.DirectMethodHandle$Holder.invokeStatic(java.lang.Object, int, java.lang.Object)'> (0x000000008e675858) 
thrown [s\open\src\hotspot\share\interpreter\linkResolver.cpp, line 759]
Event: 9.862 Thread 0x000001e6e6620320 Exception <a 'java/lang/NoSuchMethodError'{0x000000008e697460}: 'java.lang.Object java.lang.invoke.DirectMethodHandle$Holder.newInvokeSpecial(java.lang.Object, java.lang.Object, java.lang.Object, java.lang.Object, java.lang.Object, int, java.lang.Object)'> (0x000000008e697460) 
thrown [s\open\src\hotspot\share\interpreter\linkResolver.cpp, line 759]
Event: 9.865 Thread 0x000001e6e6620320 Exception <a 'java/lang/NoSuchMethodError'{0x000000008e6d12a0}: 'java.lang.Object java.lang.invoke.DirectMethodHandle$Holder.newInvokeSpecial(java.lang.Object, java.lang.Object, java.lang.Object, java.lang.Object, java.lang.Object, java.lang.Object, java.lang.Object, java.lang.Object, java.lang.Object, java.lang.Object, java.lang.Object, java.lang.Object)'> (0x000000008e6d12a0) 
thrown [s\open\src\hotspot\share\interpreter\linkResolver.cpp, line 759]
Event: 9.865 Thread 0x000001e6e6620320 Exception <a 'java/lang/NoSuchMethodError'{0x000000008e6d6198}: 'java.lang.Object java.lang.invoke.DirectMethodHandle$Holder.invokeSpecial(java.lang.Object, java.lang.Object, java.lang.Object, java.lang.Object, java.lang.Object, java.lang.Object, java.lang.Object, java.lang.Object, java.lang.Object, java.lang.Object, java.lang.Object, java.lang.Object, java.lang.Object)'> (0x000000008e6d6198) 
thrown [s\open\src\hotspot\share\interpreter\linkResolver.cpp, line 759]
Event: 9.865 Thread 0x000001e6e6620320 Exception <a 'java/lang/NoSuchMethodError'{0x000000008e6dac70}: 'java.lang.Object java.lang.invoke.Invokers$Holder.linkToTargetMethod(java.lang.Object, java.lang.Object, java.lang.Object, java.lang.Object, java.lang.Object, java.lang.Object, java.lang.Object, java.lang.Object, java.lang.Object, java.lang.Object, java.lang.Object, java.lang.Object)'> (0x000000008e6dac70) 
thrown [s\open\src\hotspot\share\interpreter\linkResolver.cpp, line 759]
Event: 9.901 Thread 0x000001e6e6620320 Exception <a 'java/lang/IncompatibleClassChangeError'{0x000000008e47d7e8}: Found class java.lang.Object, but interface was expected> (0x000000008e47d7e8) 
thrown [s\open\src\hotspot\share\interpreter\linkResolver.cpp, line 826]
Event: 9.912 Thread 0x000001e6e6620320 Exception <a 'java/lang/NoSuchMethodError'{0x000000008e304288}: 'java.lang.Object java.lang.invoke.DirectMethodHandle$Holder.newInvokeSpecial(java.lang.Object, java.lang.Object, java.lang.Object, java.lang.Object, java.lang.Object, java.lang.Object, java.lang.Object, int)'> (0x000000008e304288) 
thrown [s\open\src\hotspot\share\interpreter\linkResolver.cpp, line 759]
Event: 9.912 Thread 0x000001e6e6620320 Exception <a 'java/lang/NoSuchMethodError'{0x000000008e309280}: 'java.lang.Object java.lang.invoke.DirectMethodHandle$Holder.invokeSpecial(java.lang.Object, java.lang.Object, java.lang.Object, java.lang.Object, java.lang.Object, java.lang.Object, java.lang.Object, java.lang.Object, int)'> (0x000000008e309280) 
thrown [s\open\src\hotspot\share\interpreter\linkResolver.cpp, line 759]
Event: 9.913 Thread 0x000001e6e6620320 Exception <a 'java/lang/NoSuchMethodError'{0x000000008e30dd48}: 'java.lang.Object java.lang.invoke.Invokers$Holder.linkToTargetMethod(java.lang.Object, java.lang.Object, java.lang.Object, java.lang.Object, java.lang.Object, java.lang.Object, int, java.lang.Object)'> (0x000000008e30dd48) 
thrown [s\open\src\hotspot\share\interpreter\linkResolver.cpp, line 759]
Event: 10.189 Thread 0x000001e6e6620320 Exception <a 'java/lang/IncompatibleClassChangeError'{0x000000008f3406f0}: Found class java.lang.Object, but interface was expected> (0x000000008f3406f0) 
thrown [s\open\src\hotspot\share\interpreter\linkResolver.cpp, line 826]
Event: 10.241 Thread 0x000001e6e6620320 Exception <a 'java/lang/IncompatibleClassChangeError'{0x000000008f106ec0}: Found class java.lang.Object, but interface was expected> (0x000000008f106ec0) 
thrown [s\open\src\hotspot\share\interpreter\linkResolver.cpp, line 826]
Event: 10.332 Thread 0x000001e6e6620320 Exception <a 'java/lang/IncompatibleClassChangeError'{0x000000008ed4ea98}: Found class java.lang.Object, but interface was expected> (0x000000008ed4ea98) 
thrown [s\open\src\hotspot\share\interpreter\linkResolver.cpp, line 826]
Event: 10.451 Thread 0x000001e6e6620320 Exception <a 'java/lang/reflect/InvocationTargetException'{0x000000008f8c84a0}> (0x000000008f8c84a0) 
thrown [s\open\src\hotspot\share\runtime\reflection.cpp, line 1121]
Event: 10.462 Thread 0x000001e6e6620320 Exception <a 'java/lang/NoSuchMethodError'{0x000000008f744f20}: 'int java.lang.invoke.DirectMethodHandle$Holder.invokeStatic(java.lang.Object, java.lang.Object, int)'> (0x000000008f744f20) 
thrown [s\open\src\hotspot\share\interpreter\linkResolver.cpp, line 759]
Event: 10.470 Thread 0x000001e6e6620320 Exception <a 'java/lang/IncompatibleClassChangeError'{0x000000008f78d140}: Found class java.lang.Object, but interface was expected> (0x000000008f78d140) 
thrown [s\open\src\hotspot\share\interpreter\linkResolver.cpp, line 826]
Event: 10.471 Thread 0x000001e6e6620320 Exception <a 'java/lang/IncompatibleClassChangeError'{0x000000008f793a00}: Found class java.lang.Object, but interface was expected> (0x000000008f793a00) 
thrown [s\open\src\hotspot\share\interpreter\linkResolver.cpp, line 826]
Event: 10.518 Thread 0x000001e6e6620320 Exception <a 'java/lang/NoSuchMethodError'{0x000000008f5603f0}: 'java.lang.Object java.lang.invoke.DirectMethodHandle$Holder.invokeStatic(java.lang.Object, int, java.lang.Object)'> (0x000000008f5603f0) 
thrown [s\open\src\hotspot\share\interpreter\linkResolver.cpp, line 759]
Event: 10.530 Thread 0x000001e6e6620320 Exception <a 'java/lang/reflect/InvocationTargetException'{0x000000008f5d3058}> (0x000000008f5d3058) 
thrown [s\open\src\hotspot\share\runtime\reflection.cpp, line 1121]

VM Operations (20 events):
Event: 10.802 Executing VM operation: G1CollectForAllocation done
Event: 10.863 Executing VM operation: G1CollectForAllocation
Event: 10.871 Executing VM operation: G1CollectForAllocation done
Event: 10.893 Executing VM operation: G1Concurrent
Event: 10.896 Executing VM operation: G1Concurrent done
Event: 10.909 Executing VM operation: G1Concurrent
Event: 10.909 Executing VM operation: G1Concurrent done
Event: 10.918 Executing VM operation: G1CollectForAllocation
Event: 10.924 Executing VM operation: G1CollectForAllocation done
Event: 10.927 Executing VM operation: G1CollectForAllocation
Event: 10.930 Executing VM operation: G1CollectForAllocation done
Event: 10.975 Executing VM operation: G1CollectForAllocation
Event: 10.979 Executing VM operation: G1CollectForAllocation done
Event: 11.019 Executing VM operation: G1Concurrent
Event: 11.022 Executing VM operation: G1Concurrent done
Event: 11.035 Executing VM operation: G1Concurrent
Event: 11.035 Executing VM operation: G1Concurrent done
Event: 11.124 Executing VM operation: G1CollectForAllocation
Event: 11.127 Executing VM operation: G1CollectForAllocation done
Event: 11.135 Executing VM operation: G1CollectForAllocation

Events (20 events):
Event: 10.373 loading class java/util/stream/ReduceOps$5
Event: 10.373 loading class java/util/stream/ReduceOps$5 done
Event: 10.373 loading class java/util/stream/ReduceOps$CountingSink$OfRef
Event: 10.374 loading class java/util/stream/ReduceOps$CountingSink
Event: 10.374 loading class java/util/stream/ReduceOps$CountingSink done
Event: 10.374 loading class java/util/stream/ReduceOps$CountingSink$OfRef done
Event: 10.469 loading class java/util/regex/Pattern$1
Event: 10.469 loading class java/util/regex/Pattern$1 done
Event: 10.501 loading class java/util/regex/Pattern$Bound
Event: 10.501 loading class java/util/regex/Pattern$Bound done
Event: 10.502 loading class java/util/regex/Pattern$Behind
Event: 10.502 loading class java/util/regex/Pattern$Behind done
Event: 10.553 loading class java/lang/invoke/MethodHandleImpl$CountingWrapper$1
Event: 10.554 loading class java/lang/invoke/MethodHandleImpl$CountingWrapper$1 done
Event: 10.566 loading class java/util/EmptyStackException
Event: 10.567 loading class java/util/EmptyStackException done
Event: 10.704 loading class java/io/InvalidClassException
Event: 10.704 loading class java/io/InvalidClassException done
Event: 10.717 loading class java/util/ArrayList$ListItr
Event: 10.717 loading class java/util/ArrayList$ListItr done


Dynamic libraries:
0x00007ff7814a0000 - 0x00007ff7814b0000 	C:\Program Files\Java\jdk-17\bin\java.exe
0x00007ffefe4a0000 - 0x00007ffefe706000 	C:\WINDOWS\SYSTEM32\ntdll.dll
0x00007ffefcda0000 - 0x00007ffefce69000 	C:\WINDOWS\System32\KERNEL32.DLL
0x00007ffefb9f0000 - 0x00007ffefbdea000 	C:\WINDOWS\System32\KERNELBASE.dll
0x00007ffefc000000 - 0x00007ffefc14c000 	C:\WINDOWS\System32\ucrtbase.dll
0x00007ffe8c970000 - 0x00007ffe8c989000 	C:\Program Files\Java\jdk-17\bin\jli.dll
0x00007ffefd8b0000 - 0x00007ffefd966000 	C:\WINDOWS\System32\ADVAPI32.dll
0x00007ffefc3f0000 - 0x00007ffefc499000 	C:\WINDOWS\System32\msvcrt.dll
0x00007ffe809f0000 - 0x00007ffe80a0b000 	C:\Program Files\Java\jdk-17\bin\VCRUNTIME140.dll
0x00007ffefd770000 - 0x00007ffefd81a000 	C:\WINDOWS\System32\sechost.dll
0x00007ffefe100000 - 0x00007ffefe218000 	C:\WINDOWS\System32\RPCRT4.dll
0x00007ffefca60000 - 0x00007ffefcc27000 	C:\WINDOWS\System32\USER32.dll
0x00007ffefb9c0000 - 0x00007ffefb9e7000 	C:\WINDOWS\System32\win32u.dll
0x00007ffefce90000 - 0x00007ffefcebb000 	C:\WINDOWS\System32\GDI32.dll
0x00007ffede210000 - 0x00007ffede4a2000 	C:\WINDOWS\WinSxS\amd64_microsoft.windows.common-controls_6595b64144ccf1df_6.0.26100.8521_none_3e08b75ce33403b3\COMCTL32.dll
0x00007ffefb730000 - 0x00007ffefb85b000 	C:\WINDOWS\System32\gdi32full.dll
0x00007ffefb860000 - 0x00007ffefb903000 	C:\WINDOWS\System32\msvcp_win.dll
0x00007ffef41d0000 - 0x00007ffef41db000 	C:\WINDOWS\SYSTEM32\VERSION.dll
0x00007ffefe420000 - 0x00007ffefe452000 	C:\WINDOWS\System32\IMM32.DLL
0x00007ffeb9a80000 - 0x00007ffeb9a8c000 	C:\Program Files\Java\jdk-17\bin\vcruntime140_1.dll
0x00007ffe7e5c0000 - 0x00007ffe7e64e000 	C:\Program Files\Java\jdk-17\bin\msvcp140.dll
0x00007ffe71960000 - 0x00007ffe72540000 	C:\Program Files\Java\jdk-17\bin\server\jvm.dll
0x00007ffefe290000 - 0x00007ffefe298000 	C:\WINDOWS\System32\PSAPI.DLL
0x00007ffef40e0000 - 0x00007ffef4116000 	C:\WINDOWS\SYSTEM32\WINMM.dll
0x00007ffeeda40000 - 0x00007ffeeda4a000 	C:\WINDOWS\SYSTEM32\WSOCK32.dll
0x00007ffefcec0000 - 0x00007ffefcf40000 	C:\WINDOWS\System32\WS2_32.dll
0x00007ffefa4c0000 - 0x00007ffefa4db000 	C:\WINDOWS\SYSTEM32\kernel.appcore.dll
0x00007ffeb2b10000 - 0x00007ffeb2b1a000 	C:\Program Files\Java\jdk-17\bin\jimage.dll
0x00007ffeeef10000 - 0x00007ffeef152000 	C:\WINDOWS\SYSTEM32\DBGHELP.DLL
0x00007ffefcf50000 - 0x00007ffefd2d3000 	C:\WINDOWS\System32\combase.dll
0x00007ffefc680000 - 0x00007ffefc759000 	C:\WINDOWS\System32\OLEAUT32.dll
0x00007ffedcf70000 - 0x00007ffedcfab000 	C:\WINDOWS\SYSTEM32\dbgcore.DLL
0x00007ffefb910000 - 0x00007ffefb9b8000 	C:\WINDOWS\System32\bcryptPrimitives.dll
0x00007ffee2b50000 - 0x00007ffee2b5e000 	C:\Program Files\Java\jdk-17\bin\instrument.dll
0x00007ffe8f250000 - 0x00007ffe8f275000 	C:\Program Files\Java\jdk-17\bin\java.dll
0x00007ffe7bcf0000 - 0x00007ffe7bdc7000 	C:\Program Files\Java\jdk-17\bin\jsvml.dll
0x00007ffefd970000 - 0x00007ffefe0f4000 	C:\WINDOWS\System32\SHELL32.dll
0x00007ffef9270000 - 0x00007ffef9af0000 	C:\WINDOWS\SYSTEM32\windows.storage.dll
0x00007ffefe320000 - 0x00007ffefe416000 	C:\WINDOWS\System32\SHCORE.dll
0x00007ffefe220000 - 0x00007ffefe287000 	C:\WINDOWS\System32\shlwapi.dll
0x00007ffefb650000 - 0x00007ffefb679000 	C:\WINDOWS\SYSTEM32\profapi.dll
0x00007ffe80a10000 - 0x00007ffe80a28000 	C:\Program Files\Java\jdk-17\bin\zip.dll
0x00007ffe8f230000 - 0x00007ffe8f249000 	C:\Program Files\Java\jdk-17\bin\net.dll
0x00007ffef3e00000 - 0x00007ffef3f29000 	C:\WINDOWS\SYSTEM32\WINHTTP.dll
0x00007ffefaa30000 - 0x00007ffefaa9c000 	C:\WINDOWS\system32\mswsock.dll
0x00007ffe80a30000 - 0x00007ffe80a46000 	C:\Program Files\Java\jdk-17\bin\nio.dll
0x00007ffee1710000 - 0x00007ffee171a000 	C:\Program Files\Java\jdk-17\bin\management.dll
0x00007ffee16d0000 - 0x00007ffee16db000 	C:\Program Files\Java\jdk-17\bin\management_ext.dll
0x00007ffef9dc0000 - 0x00007ffef9df3000 	C:\WINDOWS\SYSTEM32\IPHLPAPI.DLL
0x00007ffefd820000 - 0x00007ffefd82a000 	C:\WINDOWS\System32\NSI.dll
0x00007ffef5d00000 - 0x00007ffef5d1d000 	C:\WINDOWS\SYSTEM32\dhcpcsvc6.DLL
0x00007ffef5cd0000 - 0x00007ffef5cf5000 	C:\WINDOWS\SYSTEM32\dhcpcsvc.DLL
0x00007ffef9e00000 - 0x00007ffef9f4a000 	C:\WINDOWS\SYSTEM32\DNSAPI.dll
0x00007ffefa850000 - 0x00007ffefa85d000 	C:\WINDOWS\SYSTEM32\DSPARSE.dll
0x00007ffef1900000 - 0x00007ffef190b000 	C:\Windows\System32\rasadhlp.dll
0x00007ffef5db0000 - 0x00007ffef5e36000 	C:\WINDOWS\System32\fwpuclnt.dll
0x00007ffee2a30000 - 0x00007ffee2a3e000 	C:\Program Files\Java\jdk-17\bin\sunmscapi.dll
0x00007ffefbe80000 - 0x00007ffefbff8000 	C:\WINDOWS\System32\CRYPT32.dll
0x00007ffefaf30000 - 0x00007ffefaf60000 	C:\WINDOWS\SYSTEM32\ncrypt.dll
0x00007ffefaee0000 - 0x00007ffefaf1f000 	C:\WINDOWS\SYSTEM32\NTASN1.dll
0x00007ffefad10000 - 0x00007ffefad2b000 	C:\WINDOWS\SYSTEM32\CRYPTSP.dll
0x00007ffefa420000 - 0x00007ffefa459000 	C:\WINDOWS\system32\rsaenh.dll
0x00007ffefaae0000 - 0x00007ffefab13000 	C:\WINDOWS\SYSTEM32\USERENV.dll
0x00007ffefb620000 - 0x00007ffefb64a000 	C:\WINDOWS\SYSTEM32\bcrypt.dll
0x00007ffefad30000 - 0x00007ffefad3c000 	C:\WINDOWS\SYSTEM32\CRYPTBASE.dll
0x00007ffead9e0000 - 0x00007ffead9f0000 	C:\Program Files\Java\jdk-17\bin\verify.dll

dbghelp: loaded successfully - version: 4.0.5 - missing functions: none
symbol engine: initialized successfully - sym options: 0x614 - pdb path: .;C:\Program Files\Java\jdk-17\bin;C:\WINDOWS\SYSTEM32;C:\WINDOWS\WinSxS\amd64_microsoft.windows.common-controls_6595b64144ccf1df_6.0.26100.8521_none_3e08b75ce33403b3;C:\Program Files\Java\jdk-17\bin\server

VM Arguments:
jvm_args: -XX:TieredStopAtLevel=1 -Dspring.output.ansi.enabled=always -javaagent:C:\Program Files\JetBrains\IntelliJ IDEA 2025.3.1\lib\idea_rt.jar=60356 -Dfile.encoding=UTF-8 
java_command: com.configserverllp.csllp_learning_platform.feedback_service.FeedbackServiceApplication
java_class_path (initial): E:\E-Learning\CSLLP-Backend-v2\feedback-service\target\classes;C:\Users\payal\.m2\repository\org\springframework\boot\spring-boot-starter-data-jpa\3.5.5\spring-boot-starter-data-jpa-3.5.5.jar;C:\Users\payal\.m2\repository\org\springframework\boot\spring-boot-starter\3.5.5\spring-boot-starter-3.5.5.jar;C:\Users\payal\.m2\repository\org\springframework\boot\spring-boot-starter-logging\3.5.5\spring-boot-starter-logging-3.5.5.jar;C:\Users\payal\.m2\repository\ch\qos\logback\logback-classic\1.5.18\logback-classic-1.5.18.jar;C:\Users\payal\.m2\repository\ch\qos\logback\logback-core\1.5.18\logback-core-1.5.18.jar;C:\Users\payal\.m2\repository\org\apache\logging\log4j\log4j-to-slf4j\2.24.3\log4j-to-slf4j-2.24.3.jar;C:\Users\payal\.m2\repository\org\apache\logging\log4j\log4j-api\2.24.3\log4j-api-2.24.3.jar;C:\Users\payal\.m2\repository\org\slf4j\jul-to-slf4j\2.0.17\jul-to-slf4j-2.0.17.jar;C:\Users\payal\.m2\repository\jakarta\annotation\jakarta.annotation-api\2.1.1\jakarta.annotation-api-2.1.1.jar;C:\Users\payal\.m2\repository\org\yaml\snakeyaml\2.4\snakeyaml-2.4.jar;C:\Users\payal\.m2\repository\org\springframework\boot\spring-boot-starter-jdbc\3.5.5\spring-boot-starter-jdbc-3.5.5.jar;C:\Users\payal\.m2\repository\com\zaxxer\HikariCP\6.3.2\HikariCP-6.3.2.jar;C:\Users\payal\.m2\repository\org\springframework\spring-jdbc\6.2.10\spring-jdbc-6.2.10.jar;C:\Users\payal\.m2\repository\org\hibernate\orm\hibernate-core\6.6.26.Final\hibernate-core-6.6.26.Final.jar;C:\Users\payal\.m2\repository\jakarta\persistence\jakarta.persistence-api\3.1.0\jakarta.persistence-api-3.1.0.jar;C:\Users\payal\.m2\repository\jakarta\transaction\jakarta.transaction-api\2.0.1\jakarta.transaction-api-2.0.1.jar;C:\Users\payal\.m2\repository\org\jboss\logging\jboss-logging\3.6.1.Final\jboss-logging-3.6.1.Final.jar;C:\Users\payal\.m2\repository\org\hibernate\common\hibernate-commons-annotations\7.0.3.Final\hibernate-commons-annotations-7.0.3.Final.jar;C:\Users\payal\.m2\repositor
Launcher Type: SUN_STANDARD

[Global flags]
     intx CICompilerCount                          = 4                                         {product} {ergonomic}
     uint ConcGCThreads                            = 3                                         {product} {ergonomic}
     uint G1ConcRefinementThreads                  = 10                                        {product} {ergonomic}
   size_t G1HeapRegionSize                         = 1048576                                   {product} {ergonomic}
    uintx GCDrainStackTargetSize                   = 64                                        {product} {ergonomic}
   size_t InitialHeapSize                          = 123731968                                 {product} {ergonomic}
   size_t MarkStackSize                            = 4194304                                   {product} {ergonomic}
   size_t MaxHeapSize                              = 1967128576                                {product} {ergonomic}
   size_t MaxNewSize                               = 1179648000                                {product} {ergonomic}
   size_t MinHeapDeltaBytes                        = 1048576                                   {product} {ergonomic}
   size_t MinHeapSize                              = 8388608                                   {product} {ergonomic}
    uintx NonProfiledCodeHeapSize                  = 0                                      {pd product} {ergonomic}
     bool ProfileInterpreter                       = false                                  {pd product} {command line}
    uintx ProfiledCodeHeapSize                     = 0                                      {pd product} {ergonomic}
   size_t SoftMaxHeapSize                          = 1967128576                             {manageable} {ergonomic}
     intx TieredStopAtLevel                        = 1                                         {product} {command line}
     bool UseCompressedClassPointers               = true                           {product lp64_product} {ergonomic}
     bool UseCompressedOops                        = true                           {product lp64_product} {ergonomic}
     bool UseG1GC                                  = true                                      {product} {ergonomic}
     bool UseLargePagesIndividualAllocation        = false                                  {pd product} {ergonomic}

Logging:
Log output configuration:
 #0: stdout all=warning uptime,level,tags
 #1: stderr all=off uptime,level,tags

Environment Variables:
PATH=C:\Program Files\Common Files\Oracle\Java\javapath;C:\windows\system32;C:\windows;C:\windows\System32\Wbem;C:\windows\System32\WindowsPowerShell\v1.0\;C:\windows\System32\OpenSSH\;C:\windows\IsmFiles;C:\WINDOWS\system32;C:\WINDOWS;C:\WINDOWS\System32\Wbem;C:\WINDOWS\System32\WindowsPowerShell\v1.0\;C:\WINDOWS\System32\OpenSSH\;C:\Program Files\Docker\Docker\resources\bin;C:\Program Files\Git\cmd;C:\Program Files\nodejs\;C:\Program Files\MySQL\MySQL Shell 8.0\bin\;C:\Users\payal\AppData\Local\Programs\Python\Launcher\;C:\Users\payal\AppData\Local\Microsoft\WindowsApps;C:\Users\payal\AppData\Local\GitHubDesktop\bin;C:\ProgramData\payal\GitHubDesktop\bin;C:\Users\payal\AppData\Local\Programs\Microsoft VS Code\bin;C:\Users\payal\AppData\Roaming\npm
USERNAME=payal
OS=Windows_NT
PROCESSOR_IDENTIFIER=AMD64 Family 23 Model 104 Stepping 1, AuthenticAMD



---------------  S Y S T E M  ---------------

OS:
 Windows 11 , 64 bit Build 26100 (10.0.26100.8521)
OS uptime: 2 days 4:05 hours
Hyper-V role detected

CPU: total 12 (initial active 12) (12 cores per cpu, 2 threads per core) family 23 model 104 stepping 1 microcode 0x8608109, cx8, cmov, fxsr, ht, mmx, 3dnowpref, sse, sse2, sse3, ssse3, sse4a, sse4.1, sse4.2, popcnt, lzcnt, tsc, tscinvbit, avx, avx2, aes, clmul, bmi1, bmi2, adx, sha, fma, vzeroupper, clflush, clflushopt, hv

Memory: 4k page, system-wide physical 7501M (1459M free)
TotalPageFile size 30029M (AvailPageFile size 104M)
current process WorkingSet (physical memory assigned to process): 250M, peak: 253M
current process commit charge ("private bytes"): 310M, peak: 530M

vm_info: Java HotSpot(TM) 64-Bit Server VM (17.0.12+8-LTS-286) for windows-amd64 JRE (17.0.12+8-LTS-286), built on Jun  5 2024 06:46:59 by "mach5one" with MS VC++ 17.6 (VS2022)

END.
